---
source: tests/md5-snapshots.rs
expression: output
---
5ab2061186b5ccf793a8a66cede520d6
