---
source: tests/md5-snapshots.rs
expression: output
---
583c25ab8bf445d5687359cbfd6c6cea
