---
source: tests/md5-snapshots.rs
expression: output
---
aca426fa688f961f090be908277b4566
