---
source: tests/md5-snapshots.rs
expression: output
---
f3790fde573e9d5226ae63798d31dc41
