---
source: tests/md5-snapshots.rs
expression: output
---
7e717682197ff9d72cd073851cd3311f
