---
source: tests/md5-snapshots.rs
expression: output
---
67cdd2c5ca218cc75a751c6419057869
