---
source: tests/md5-snapshots.rs
expression: output
---
6b52681b07567b58b0c2c77fd284752d
