---
source: tests/md5-snapshots.rs
expression: output
---
7ff220449bfd289508547d5f8e16fbb5
