---
source: tests/md5-snapshots.rs
expression: output
---
92e5fa1120b60b017d9fd181e79ac54e
