---
source: tests/md5-snapshots.rs
expression: output
---
94f0baa6ebeb578c088e1ccea8374d4d
