---
source: tests/md5-snapshots.rs
expression: output
---
8ffd2ebf0e636e995d2fedb153a059ac
