---
source: tests/md5-snapshots.rs
expression: output
---
cda9d4f03c3b20bed719b17997871998
