---
source: tests/md5-snapshots.rs
expression: output
---
7d899398981ae4acd2c334d15982c457
